// Jest Snapshot v1, https://goo.gl/fbAQLP

exports[`Should render Header correctly 1`] = `
<div
  className="header"
>
  <div
    className="content-container"
  >
    <div
      className="header__content"
    >
      <h1
        className="header__title"
      >
        The Name Game
      </h1>
      <button>
        Sign out
      </button>
    </div>
  </div>
</div>
`;
